17:01:48 **** Incremental Build of configuration Debug for project LAB5 ****
make -j4 all 
arm-none-eabi-gcc "../Core/Src/command_parser.c" -mcpu=cortex-m3 -std=gnu11 -g3 -DDEBUG -DUSE_HAL_DRIVER -DSTM32F103x6 -c -I../Core/Inc -I../Drivers/STM32F1xx_HAL_Driver/Inc -I../Drivers/STM32F1xx_HAL_Driver/Inc/Legacy -I../Drivers/CMSIS/Device/ST/STM32F1xx/Include -I../Drivers/CMSIS/Include -O0 -ffunction-sections -fdata-sections -Wall -fstack-usage -MMD -MP -MF"Core/Src/command_parser.d" -MT"Core/Src/command_parser.o" --specs=nano.specs -mfloat-abi=soft -mthumb -o "Core/Src/command_parser.o"
arm-none-eabi-gcc "../Core/Src/global.c" -mcpu=cortex-m3 -std=gnu11 -g3 -DDEBUG -DUSE_HAL_DRIVER -DSTM32F103x6 -c -I../Core/Inc -I../Drivers/STM32F1xx_HAL_Driver/Inc -I../Drivers/STM32F1xx_HAL_Driver/Inc/Legacy -I../Drivers/CMSIS/Device/ST/STM32F1xx/Include -I../Drivers/CMSIS/Include -O0 -ffunction-sections -fdata-sections -Wall -fstack-usage -MMD -MP -MF"Core/Src/global.d" -MT"Core/Src/global.o" --specs=nano.specs -mfloat-abi=soft -mthumb -o "Core/Src/global.o"
arm-none-eabi-gcc "../Core/Src/main.c" -mcpu=cortex-m3 -std=gnu11 -g3 -DDEBUG -DUSE_HAL_DRIVER -DSTM32F103x6 -c -I../Core/Inc -I../Drivers/STM32F1xx_HAL_Driver/Inc -I../Drivers/STM32F1xx_HAL_Driver/Inc/Legacy -I../Drivers/CMSIS/Device/ST/STM32F1xx/Include -I../Drivers/CMSIS/Include -O0 -ffunction-sections -fdata-sections -Wall -fstack-usage -MMD -MP -MF"Core/Src/main.d" -MT"Core/Src/main.o" --specs=nano.specs -mfloat-abi=soft -mthumb -o "Core/Src/main.o"
arm-none-eabi-gcc "../Core/Src/uart_communication.c" -mcpu=cortex-m3 -std=gnu11 -g3 -DDEBUG -DUSE_HAL_DRIVER -DSTM32F103x6 -c -I../Core/Inc -I../Drivers/STM32F1xx_HAL_Driver/Inc -I../Drivers/STM32F1xx_HAL_Driver/Inc/Legacy -I../Drivers/CMSIS/Device/ST/STM32F1xx/Include -I../Drivers/CMSIS/Include -O0 -ffunction-sections -fdata-sections -Wall -fstack-usage -MMD -MP -MF"Core/Src/uart_communication.d" -MT"Core/Src/uart_communication.o" --specs=nano.specs -mfloat-abi=soft -mthumb -o "Core/Src/uart_communication.o"
arm-none-eabi-gcc -o "LAB5.elf" @"objects.list"   -mcpu=cortex-m3 -T"D:\LAB5\LAB5\STM32F103C6UX_FLASH.ld" --specs=nosys.specs -Wl,-Map="LAB5.map" -Wl,--gc-sections -static --specs=nano.specs -mfloat-abi=soft -mthumb -Wl,--start-group -lc -lm -Wl,--end-group
Finished building target: LAB5.elf
 
arm-none-eabi-size   LAB5.elf 
arm-none-eabi-objdump -h -S  LAB5.elf  > "LAB5.list"
arm-none-eabi-objcopy  -O ihex  LAB5.elf  "LAB5.hex"
arm-none-eabi-objcopy  -O binary  LAB5.elf  "LAB5.bin"
   text	   data	    bss	    dec	    hex	filename
  18716	    124	   1940	  20780	   512c	LAB5.elf
Finished building: default.size.stdout
 
Finished building: LAB5.hex
Finished building: LAB5.bin
 
 
Finished building: LAB5.list
 
